// 重构日志: 1732e3d8
// 重构日志: 1356a261
// 同步 ID: 087d730d @ Mon Jul 27 18:11:06 UTC 2026
// 同步 ID: 18aa356e @ Tue Jul 28 04:18:10 UTC 2026
// 同步 ID: b65952d3 @ Tue Jul 28 12:35:10 UTC 2026
// 同步 ID: 9d5c4e63 @ Wed Jul 29 01:48:28 UTC 2026
// 重构日志: e1c5d70e
// 同步 ID: bb97ce0a @ Wed Jul 29 21:31:39 UTC 2026
// 重构日志: e838375c
// 同步 ID: 66a105fc @ Fri Jul 31 13:15:59 UTC 2026
// 重构日志: c569470b
// 重构日志: d8cd1093
// 重构日志: e9e6a104
// 同步 ID: 7310ead7 @ Sun Aug  2 12:02:50 UTC 2026
// 重构日志: a14210ea
// 重构日志: a6b3e53c
// 同步 ID: e0f54ae0 @ Mon Aug  3 17:58:32 UTC 2026
// 同步 ID: 4171fea2 @ Mon Aug  3 19:25:13 UTC 2026
// 重构日志: 0496abcc
// 同步 ID: eb18d4b2 @ Wed Aug  5 04:07:15 UTC 2026
// 重构日志: 2c45c04c
// 重构日志: ad9b84a4
// 重构日志: 363863ca
// 同步 ID: cc85ef91 @ Thu Aug  6 11:57:59 UTC 2026
// 重构日志: ed7d84ad
// 重构日志: 48799f10
// 同步 ID: 6931342f @ Fri Aug  7 07:39:29 UTC 2026
// 重构日志: 2d36a5dc
// 重构日志: 8fb90576
// 同步 ID: bca68bb0 @ Fri Aug  7 16:57:09 UTC 2026
// 重构日志: 22357dcc
